Iniciando teste de diagn├│stico do Supabase (CJS)...
Encontradas 1 candidaturas.
Candidatura para teste: {
  id: 'db9eba2e-0997-4ba8-9ff6-d0206aa025c5',
  job_id: '50fd8136-1832-4c70-888c-271b3a6730e5',
  status: 'Teste T├®cnico Adicional',
  candidate_name: 'PAULO AUGUSTO ALVES DE ALMEIDA'
}

1. Testando update com o mesmo status...
Update 1 bem-sucedido: [
  {
    id: 'db9eba2e-0997-4ba8-9ff6-d0206aa025c5',
    created_at: '2026-05-20T11:01:50.00773+00:00',
    job_id: '50fd8136-1832-4c70-888c-271b3a6730e5',
    talent_id: null,
    status: 'Teste T├®cnico Adicional',
    candidate_name: 'PAULO AUGUSTO ALVES DE ALMEIDA',
    candidate_phone: '61991992976 ===DISC===COMPLETED===42,52,54,52',
    city: 'Ceil├óndia',
    state: 'DF',
    profile_pic: 'data:image/jpeg;base64,/9j/4AAQSkZJRgABAQAAAQABAAD/4gHYSUNDX1BST0ZJTEUAAQEAAAHIAAAAAAQwAABtbnRyUkdCIFhZWiAH4AABAAEAAAAAAABhY3NwAAAAAAAAAAAAAAAAAAAAAAAAAAAAAAAAAAAAAQAA9tYAAQAAAADTLQAAAAAAAAAAAAAAAAAAAAAAAAAAAAAAAAAAAAAAAAAAAAAAAAAAAAAAAAAAAAAAAAAAAAlkZXNjAAAA8AAAACRyWFlaAAABFAAAABRnWFlaAAABKAAAABRiWFlaAAABPAAAABR3dHB0AAABUAAAABRyVFJDAAABZAAAAChnVFJDAAABZAAAAChiVFJDAAABZAAAAChjcHJ0AAABjAAAADxtbHVjAAAAAAAAAAEAAAAMZW5VUwAAAAgAAAAcAHMAUgBHAEJYWVogAAAAAAAAb6IAADj1AAADkFhZWiAAAAAAAABimQAAt4UAABjaWFlaIAAAAAAAACSgAAAPhAAAts9YWVogAAAAAAAA9tYAAQAAAADTLXBhcmEAAAAAAAQAAAACZmYAAPKnAAANWQAAE9AAAApbAAAAAAAAAABtbHVjAAAAAAAAAAEAAAAMZW5VUwAAACAAAAAcAEcAbwBvAGcAbABlACAASQBuAGMALgAgADIAMAAxADb/2wBDAAMCAgICAgMCAgIDAwMDBAYEBAQEBAgGBgUGCQgKCgkICQkKDA8MCgsOCwkJDRENDg8QEBEQCgwSExIQEw8QEBD/2wBDAQMDAwQDBAgEBAgQCwkLEBAQEBAQEBAQEBAQEBAQEBAQEBAQEBAQEBAQEBAQEBAQEBAQEBAQEBAQEBAQEBAQEBD/wAARCAIpAikDASIAAhEBAxEB/8QAHgAAAAcBAQEBAAAAAAAAAAAAAgMEBQYHCAAJAQr/xABkEAABAgQEAwQFBgcIDggEBAcCAwQABQYSBxMiMhRCUggjYnIBFTOCkiQxQ1Oi0hEWNGNxssIXJUFEYXPi8AkYISY1NlRWdHWTlJXBN0VVV4Ojs/InZIHDOFFY00ZldpGhpLT/xAAbAQACAwEBAQAAAAAAAAAAAAACAwAEBQEGB//EAC0RAAICAgIBAwQCAgMAAwAAAAACAxIEIgETMgURQhQhMVIjYhUzBkFyJENh/9oADAMBAAIRAxEAPwDzRUD+6Wstt2mBZSOXfkl96DC9py22wJP3vd5o1vib2oK38ydu7ZBayQaspHlu1HtgwUoEoH9OC4O1VgtEO7T8F5mMCs/M7+XqgtPmRvtK7lgxMP6lC/7HaKdYjb7uu2DE/o465H/xI70/R+7HTir8gPxFruKA/wA18XTAi+k7nTdbAb+8U5Ru1D44Pg6ynF9dqGzq03QYn3Xhvji+u09Mdfm/QlEBZahbU8pNTwH1wcmHeZO7kgkfyjzhr17YXIpLfRaVOTXECWwJFlm9yqfd9Vl0KCp9bu9Y6x3CO0IWLFwCabZL21msua+Cym7n2KtuXZ16hOOWGUUa1Eu8ztOWkIAY80JXCvtObr1a4cHyqKqmduv1gQhzwSLDKTzlbcnQd1m2OgsNNhl7L3dGqPok4H8P93SW7piSiwlXdnxhObDvMU9NnuQJRnKmqifj5s24RjisCqjK0UPu/wAJkJXhYQ8vN92JlMEAm7NOpGqI5ypWTFBAfZK/W+Uv14Z027D6JbYe26HiVr+q3Ci25qqGU6bFzN+e2zm5vdiMFtYkFLzRhl8HNEbk+cRO3R4ImTqngcfKWrnNTvMAULVoiuVkkZW8HKWzxMANJVLYQHzxOKVdPODvYLKkslfcmWpJcPF4oC3yO7DgzZZXc6gLWNvIUcLNHMU4q5BYC06IcnC7B+3TctbkFgs5tSR9BeHxQc4NFlOCZzFHTvSIdQqh4SidqnasI/Vr82/erC+GwzSTLulQPwlDeUmbPe5av+DW3k2epbvKUS5ihuylhyzHRptuDwwY4bsHrfhn7a4TE+85xgGlU5sQdxLX8r74m3d67+YRhwbzTKcWNVhXTPUTZULSHyw9OJDUkrZ8fK7Zqx+lQS1KpeYeeGNNVg9TzsnhltGodhH+uEDawRJGcy4VMVku/TDZ1DE2p2oGy6aeaslcYGkk516vAQ/EPvxW7XOaqWK699w7gKAifDuFFks3h1TutHlPrgZFsErF4Iv/AFXPOParEKhhYugpssPTu6T6odJpI22W1qSTW2t1e/HnQPk92y6KppeqAQbuEZy/7m8EElSG63r92JtIagRZPOGfrEq1VHKNAi0qhCNkAbZh4buvaI/RmrfaRbYXN10e8zVtm7wwwzZmjT80FFVZdVmqJ5RCVxikcElMnMmeItnS3Eou0rUlx1ZvMHvROGsd8CdNQylNP2T5IlErcd35D+xEHlsx4LL4ptczMQIV91t+yJkxAEstylqRVHuis3RWaysMbdSzJC/WYOhmqWpRuQK2j4TEv2Y12i4ReNEXKXs1kgVH3oxhIV7U1s23L6uqNaUC44yi5Oedfa1BK7yaYM89nIPgx9gMCgjHBfRR8T/5wENpQYN8dGh/o+aPhDBJ/wAMGXfyRBoXHB/BHXwEvaRCvwGEccJwWp7T0xxfPEO22DBOOL5oCH8EBI4FVDtYMT2+mG6pE82SPk/zRH8OqF4lAF085NRH+AwIPigglYqCYFxDe/w+4MVbMkshwpt26/DFoIhxCfDJd+t0juhhUw0q2aTBRywk+QjeGpcsr7J640IpVXyIylx0Q59Dyk5Ot/8AJpD8I2w+2/oiNUnLlqWpNrLp66aiTS4b7rQHXo3Qa4rSnmaalj/PsLVkhFJlu2oupIB+ePkV06xXRzMlgw2Hbcod0R3Fat6tk1SeqpW/JJmSAKiIhafj1b4JYGZqgqXK4cot085YwTHmIitGGcnlMVe0eyLjkHyIgIOk0Fbvwe8MZ6nE0fzFn8veLr7Lrlbv14l2Ar39+Jow62YK6fAf9KGtiUj7Dqu3kW/K6cpySB6EZXJ2jbypavih1D+CAicCvipUOzFQ4/Gs1by9yldrIxuEthxUbd0tF2Y8tPSvTbFbVpdGOnxgUUKirw6nwRt4LfximRbWLewtVW/GBjt1pGB/DF2JxQOHaqPraWrXiPfgOqNAJjpjOzv9oUagrf0R1v6ID+DxwK39EUyxU/MOQd35NfvwL89nCN9kcPxa+bljlBD8Cfc26dXUUbB6VVOIr1E/7ni080cmYZmdf13aYEKWb4enyQL7OiIRlCS9Cirj8PMWobvDCgr/AA+7CdcVssVj5S02woTM9SId0XVyRCAvo/t+5AfpE/tx1mV7XT5eaBJ6iUsMvFdywBOQIhbb9Zff7kcoean3XtM3ogN3P7WzZrtgsS/rdBgCj+d28+nnjrfe0wSo6REepSzlgsn/ANVm3c9xQFjtg5bRlnp33aocEXCLX5Yrdo9lb1wxkubohR6tsHXmCeTqzAP3Y6tQlYVOJjmuM4efXbbzxzVw2Vu4rUPiLXAnANgb3+hsNxaSthtIPqrvDBE2HwX7ZqNjVsgV/VqhHx7xcU/lKuZ08sJ8hZVRTRaoGorYJT9oIdBQFQh4aukUlL1dKYc1usThwLg10xzbcw/pRhjb+zLWXw3XQqvtUye9Hwjshigiwpaf8VO7n6gKFTGY8Ep3qI5P0oqdHhjkQcpXGlqRt1CI6xhCQOQIjamK9/KoHJEbixF1LC/FxGcsUWDV4kK1mbLXNuhUOZIy6ujxwKj52jJpki2nOakiCthEO4fdiJ03UyzBb1UrpYuFQvEg1IH1jE8rKUG4UTqeWts943/woKWkVw5FQhVfiw0nk2kyKQ8fJjEhMO9Gz2vNeMHKH68lajZVEh4Sy0iC4h8YwhoufIzaXrSFXckAEhq5D6B3xIlpW8at/XbICVbt9D8Wxd6h4remENqGR+WvzlbgmD9YnOg+HV22w/Jv0Vfkzq1BRXavuEg+9Da8lYKlxOrJVC9JcdUMKjpaXKEiqGa1Pf4fuQryO+I/On7mn5hx8rWIk/zZbvL92HQl6SxB+XsH4y+aAl3tqVtx+IYj5PW3B8S1PjGp6DEt4n0n0REZgaILJv5C5VbOLNYjpu8MHU4TKaS2a04oTCaAgqPIqmekvLCMpptNJa79YYJp/EZs6UFhUdwqHYGamN2vxQZNpQj3hsFhVIyu8Huw0ihbpxazTysoVNZ2+OHyk6q9ZCmwf5RrNAMUFNp2Wc0QF1qIjan3gcvNBLF/a4JZvdnH1bIKquoDGjGM09aZLZey0LOf7EI1lfVaikhdXLs1b1WBfVK+aIHTtRrcL7YsxLcJRMFnHGjwbpG5FX2So7xVivSjHGH6n5vMjZqM1ViBNuqF+vaHR5IsClZ4/k2W2VRVVYuD1oDqyD6x8EVLJ36ITBQFdPEWCr0dMWVK1wYNUUVTt3hcXKYaTgZUU6pbEjeovU/rWqu8iPk8MawwdeZ9H8PnXehurYPhC0YwX6xn1MrDNZCHGNTO42hbLOch+74I1h2bcS5PUMpdGyc5qFiRKjzpHt1DCOszs5beJbNQ1vSdMqKNppOASWD0CWQOo7fLEMm2PchbkQSuWuXhchKEKQRF8dkERqZjNUvYumBhmDtKworFQ+76o0IMZXXYweal/wCHmJE3q+pHDGZNmzZH0Nb24paivuHcUWSRxmXCabLS6u5X9S4M0C94SjTB/wAMIni6mFMwOBj88Fj4o4fmhLAq2wYXzxw/PHKeKOT/AOccGHKez9EFj80BdKpINlFjWtTDUZbtMQGZYzUbLiyWvEviusuTC39eDVWbxJT5FiXfogR/wxS80xwfkJeq5Ug232mqdxxFO0bU1SFhtSk+lc9eS/i3GU84ZU0s3T4fLBdLBxF+TWqKbkFxTmey9p+AdqrgRP4YjLHGigJpULOmZXNSfPJgrlpEkl3XVujCUvcLFMEVlbl1j1kS5EX2jixMOZ96hraQzUbPy8EiIg2gWn9qLLYVF9xtTb7Nq2Zp2N2ySGramNsDWP8APQYIwFYIoL5CmZqkXrxLiKPfc1lhBdymJxUaJ5qfdHpi7KhQ4in5k262p2/DFMtQRG4P1otwtRSRbKNb7usvuRNO6734csYO9eSGa/5XLQhtm3sbG92ZeFtoXRK6tpab1XSlLJyqVKqrIoGid2mwduv4YffxZjjeRXyKSziUqdyRaDHbEgwNcZVbpo/XNVQK3w2lEjkuDVSZAoP5q0bI8wj6M0tUSqlcI6epiZjNUnjtV0lfaRFbEnnj5SqnaE7H544vniIzCvGzWYLMEmBEs3vG5QrRhlfVzPnGhrkNurKDX9uM9VJVh7xEpf8AGqn/AEytWYi0RBXPVXU2iEU65TwEo1T++KvvWboNJIIq3fZS+9Drioq5neC1Xeh+sTkmpJKgRFdo0fdKMay9VEVE1vOfKRicaWFBdfIjK1TalN4uUGqoj+JtEr5OaAC5WEQs1e8cXsP3Yw/hq9R9T5O4kjvu6j3Rt1or6F26SvWmJRUzI1RtRqCj0/NHyOjoqDT8wvL4vsQYJ/mbh80BLvRT5Lz1ao4l/ofCfuxrsegUML80tyx1/J7m+CReopfUdJ6YTqTIPqeWAWQBpVFC1luTf4QgLdXu/bDuDdCFR/cI2hBOaf8A+cRpVF9w8KOkR+muglSY37d3VDXmnHXfohavYBpRYUycwnNVZXWXpgkjgN8QX2CgfTdDrLkPwiP4UQK4uYoZhVhczcGkWdqtttglGRScEicIAkmms1RSEg3w1uknmpb03Qcm6Wep+22Bt6YT3LIFfzcuq4SiwPULuW7vNzcuHAW7BfQeaIwn49FUkzcNh8yem2HRiAPB7rvbOrSQxDtjkWD9JNTKWSXTD4iCCXyDPMzck2ylu0hh+TZIjl5UyVSI+Uh3HHKMp8Kd7hslln4g1QaqFYY2Ley4NN3VD0MuZq98ldaG/wAUIU+DbleqZNlLtqmoLIWIusrW172/eJbbPDDaIDYESTyXKJnwy9q14pEMLODZzJPvViSUDdbBzV6feZXs+ZNX9mCSVRS/JzNLwlCiWErqTOUlBPJJUeUh5giysL5pxWXJ5ssRCkBt26pcyR8he/qiCt5yshrVRSVT57uWHZi/Z3ZyR5VhgQjfbC3GKxIKslz+i5wTwdKZq3N3Nltp893hiyifuZvTqNbUkds2S1mgmrcC4c6RdY/fiMt5owrek1JPUBiDxLugU5i6IjNFv5xR75aQksKrVVXXd9EYbIqsGpYktmMtqVFwtTSyUvmQJXuJIXsleskr/wBWIi8cNnrhZhnKtnga7V9i/hGGWqpijK5gM4bsCFFVUzXJAtaB/Wj/AF5YE4qNhUbdNhVaIpOFRuazlAt3RmjyQtVqNYOJ08kbzJVAUFD3pEOkghRMkmEyR4lhaK30qER99MprKG6bCsG3Et1T+SuxsISDzQFFVZLh1mdq6J69OkgCHgiN49ylhB1yH7Qf2odJTULlJFNmusKqaWoCu/WhpfZL23vhzgPUNu6GtG8U1gS2pCcNqL8SdOClU5RUWSWJm6V2kPKf3YY1nC3EZKuULhI7yHlV8Yw0tZo5y/ohUPlEIXNXTObJizVMkluQi3XwVBdiQSmbhxCK32YsRnMljRIButVHRmnrGKZY3tVFGz/SsluGJlK5pp7pbNI0gsLpgGUHYsDjEXQiZH3wWBaPMcWNIZstOURB7cuKoatXPtOKnkLhFV1YeUN4XauuJVTM3Wlr5ZtpIQ1gXjhFQrFoMXE4knFPJcsUzbgGtoQgVwBvt8UPEjmU4plwni7gxNSFRv3r+TOfpw5wtgmX8MQisGUSaustVtsLpKqzYTRq/a5DYQVAcpU7Ulz6C88LFS7qXpOsTpJinRMnqeQ5oqNyyn8tULU1Mw12+GI7eZp5xfCMV/WUteSFQsUaIzSapK2TyW2d6kHOJDzj0FGpsL6ewrqinWNVSFn61QepAqJLlcO3Zb1DFlGopizxU2KxpPj0p1K3jJmuqTd6Bd0JF/XdGtlNd1sJJeylTVP5A2bJJiOkU0hG2F/minLLZinzUDb/ACxwiGZzXeGO/Dq3QEfab9MKFqymdq47UU1lEwfS2TUqkks0XNuajtW7WJ27QipKgxuxRqO5Z5VqjZEP4syDI0e5rgON0t9V4pT5hqFNZ1xA+K/VEDFXze9GzBjoyWLWpsvs8TReo8IU0Zi6XcrN1XDUlFVTVIunUfmilnAGymTptzJLqpFd54sLsfzHiKfqCVEd2U6BW3zjb+xERr5v6uracM9Jd+ZgPn1RWi0lZTgjEs3L0f8AsiTYkNQnPZtTW5pU/C4r/wA7b+ocRmVt3L/uW6K65bLUErotCTUXUk+wfqWj1WBNnj6/g+J03Hp+5Hcl0WoKGL01Tauu6uJEPHzxLGrrKyXjdYbkjBXy2WlFu0/2ManepipVdatWPoP0fhJOXo5p/EemLQp7sq4XST0Jesk5jNlB5ni+kvdARhk+ZE6ew8tyXufQ6Yt3YenSqkJiXVpg1TvIrDFzER/hNL5O3kMhaLou70O/MrErdniiiqixzr+oEVEyqQpeiYbWiWUYn5t8Z8cDSlblDXZgiSfBrKiOaJBu1Fp1RVhOMK5MXDKv3k3WS0GmkJFr9y2KGwMqOYK4tyJy/frvCcKm1InKpqnr8RROZo3WZ1BNmyRl8neqjs3QTR9XNWCiUlM4xeYU+yWUpKjWKCgbFHPMfuRPMJ6ymNb0enPZkCAvOJVSVFEbRGwtP2Iz5PHCJy1YBRLp8sWh2XH+fR80YJHcTSY/YMBiMq0sNmjqXYj80BL2l8CT647+5d4orqIuVHVaXD1pME+ss0ffAYR2alP664UYmK8HWieUjcSqCRF9r7sBRk0+mlvq6VOS8RDaPxHFhvAdGwlniHH4d1ww3Xyk1bb+i+MLy8lszukei/zhHoZKKAmqEvnDaaOUEE5rLnDMhvuITPm6Iz8nQPZWotVRGo61mVWPrrlWjY+6+BK0A+OLmFkLErKdtYhVAv1kE1Ec5BAT1mSittp+XnjdlJuuNpuTuN97JIrvFYMZrk+NmG9OJ5OHOETVmn9Eu5JJA/e0kf2olleYsVP+I9Kz6TPwlnrpJXPyEtN422CJHrDmhWSrZDeNQLbF9qLpJB6TVP0JiHMXLDb+NlM/5zyz/ekoxdNqrnE3UTWnM+ePiMzMM9waoCEM/Gtv8nS/2Udi9M18gbMeO6kxWL6a3ywSSp+KEuZ+CPsVbMarTgyKBwmEoME4FQbhlkcRwXd+iOu/RDCWBR95YLj6RWx1Abgo4v4YDd+iOI4aS4IP4IcmqV6Y+PTDWPzwubn6bbOUdURR0DKSZOU+rUxWdP23lSPVBayshK5FXP1arhLbDSzQ41ayHh5JmzdMu5XEj23DDPIvL/Ub3DAC75qeaj4twwS3XyFL9QFcG2PhpLNS0qlaW3xR8FfPK1xpLqtg1OOTKWzLNT+VI5qZ7c2HAUlki0PCSEOrUERWWvHLPubB1/AQQ/N3SLgU0XVyXT0xbRtToc4E7VOPZiume0kghleMkUCI0llUugYkXfN0U++9r0johCsTNcRvtu8m6BYiqNLWoTBQgf3W+GHYZoiqnk5w5d3tB1QyzCUo/O1WEfCptKGe94wK/wDAQ/qwpmISR04WaktlWriegSSDScdx+anf7JTRdqhnazG6487I8N26BOEs9NPIWLn03xPI7YmkjqVZBwnmubkzK23pPrh0UmwDMlH95EPPFZpv1klu/u0FuiSN5kD9uJ7is1DA0GKTb1yE2YqWWnyGJc0M6MrWlf5LaTfmEtX68RsZjwq2cyW86cSBjUNyKblK3drHksgajbEqpuuWcrb+oZ9IUH0lVDRcNwIHyEPRCd9RHCj64pJ5nszvLNE80x8MMqzpmqSOQZZIavHCqQz5aTOM6RrEI68/oIPEEAynRveTfKWH12wJBblXS5zgxRqjkqLB3omF5RLJs1piskUwkyyDGaBZe2V9kr1+SIeow9UkOasu2cJX2pEdyRe9DVIMpOFmDodytkOhJG9R4xrpddIwKaM2YI8YIGObrtE7tcNrN0DBxeJmXiLlOGMpXYkjdcKgZpuXH5U07oesg8UODNWwk1h+l0GPTEb4g2pcYPUGmH5RUFWqLkNPe8sQGxNJPNEQeI3mNwadkThE+KcC8Z7vZEJAG+KjaujQIXOouXTEyls59WzpPNMiTMwMPhhDKSxclNz43EnsO9LkMdujkh8l8xbPUfVr/ckW3q6bfFFc561z5ykYiiaGvwnDs1mmbL0ZwGlRKy62EnC4qVnjlJNRmrMlUnyQWigIXA+bnvSPrIYsjBGoZxhpU34tsFuMpdx8qa6tQhzh+tGeZXPnL0m8yZLZbhofEJXbS8EWAtUzlWmxnDd4k2eZ5vW5J/RBzgQR21tSjPFY9Bpaqiqj8n1InYqkXgOHIT2xUPZ7rltWGGcvclaThkQIKiJavBFvDoipItTEdaNULLfAh+aArfJ01Fl1hHzFEXnWI1HyO7iJwkRB9XqKBVbAddTNPailZpYnCs3RVLjWYFpG7Xq5YgshwlxOqgk/VdGPBR5F3PdD9uNzS8ZPOW7eoUmCaqio3JKkGoQh2E7NmkYtrlsi0H9iFI9nvCCsMMXkyc1GbHLmCQCKTYzIxMOo4sRxhvSj2eOqhmLAHjpwW1ULgG3wxLEzjisuio0jWsS36hDJgwlyYgwYIoD0pJCMK7tUF3dEcPtPdjn5BswLnjoD/c644vniHClu1Ww9DihWUys7xk/DV4SAoypm2qKWhsjZuPkqcTnC+bNm6BKOErFW4iGaRHd0xmiQ4H4nVB7KlXKCJ7VHdiQfDGhiSoi7DviRfDmb+q64p9ztL1okXuXxfmIyXB1xOGyQF7UHFvVeAwz0v2RqhSdN5jUVWoMVG64OEhYoZp6eW44meMc2wdpOo28xxDRmb2ZOWokLdC61QB06rSGFzusr6jItSppo/BVOy/NLWWQlqITt6QiyOy1JqnkidRIzyTPmbN2Tddqu5'... 73391 more characters
  }
]

2. Testando update para 'Entrevista'...
Update 2 bem-sucedido: [
  {
    id: 'db9eba2e-0997-4ba8-9ff6-d0206aa025c5',
    created_at: '2026-05-20T11:01:50.00773+00:00',
    job_id: '50fd8136-1832-4c70-888c-271b3a6730e5',
    talent_id: null,
    status: 'Entrevista',
    candidate_name: 'PAULO AUGUSTO ALVES DE ALMEIDA',
    candidate_phone: '61991992976 ===DISC===COMPLETED===42,52,54,52',
    city: 'Ceil├óndia',
    state: 'DF',
    profile_pic: 'data:image/jpeg;base64,/9j/4AAQSkZJRgABAQAAAQABAAD/4gHYSUNDX1BST0ZJTEUAAQEAAAHIAAAAAAQwAABtbnRyUkdCIFhZWiAH4AABAAEAAAAAAABhY3NwAAAAAAAAAAAAAAAAAAAAAAAAAAAAAAAAAAAAAQAA9tYAAQAAAADTLQAAAAAAAAAAAAAAAAAAAAAAAAAAAAAAAAAAAAAAAAAAAAAAAAAAAAAAAAAAAAAAAAAAAAlkZXNjAAAA8AAAACRyWFlaAAABFAAAABRnWFlaAAABKAAAABRiWFlaAAABPAAAABR3dHB0AAABUAAAABRyVFJDAAABZAAAAChnVFJDAAABZAAAAChiVFJDAAABZAAAAChjcHJ0AAABjAAAADxtbHVjAAAAAAAAAAEAAAAMZW5VUwAAAAgAAAAcAHMAUgBHAEJYWVogAAAAAAAAb6IAADj1AAADkFhZWiAAAAAAAABimQAAt4UAABjaWFlaIAAAAAAAACSgAAAPhAAAts9YWVogAAAAAAAA9tYAAQAAAADTLXBhcmEAAAAAAAQAAAACZmYAAPKnAAANWQAAE9AAAApbAAAAAAAAAABtbHVjAAAAAAAAAAEAAAAMZW5VUwAAACAAAAAcAEcAbwBvAGcAbABlACAASQBuAGMALgAgADIAMAAxADb/2wBDAAMCAgICAgMCAgIDAwMDBAYEBAQEBAgGBgUGCQgKCgkICQkKDA8MCgsOCwkJDRENDg8QEBEQCgwSExIQEw8QEBD/2wBDAQMDAwQDBAgEBAgQCwkLEBAQEBAQEBAQEBAQEBAQEBAQEBAQEBAQEBAQEBAQEBAQEBAQEBAQEBAQEBAQEBAQEBD/wAARCAIpAikDASIAAhEBAxEB/8QAHgAAAAcBAQEBAAAAAAAAAAAAAgMEBQYHCAAJAQr/xABkEAABAgQEAwQFBgcIDggEBAcCAwQABQYSBxMiMhRCUggjYnIBFTOCkiQxQ1Oi0hEWNGNxssIXJUFEYXPi8AkYISY1NlRWdHWTlJXBN0VVV4Ojs/InZIHDOFFY00ZldpGhpLT/xAAbAQACAwEBAQAAAAAAAAAAAAACAwAEBQEGB//EAC0RAAICAgIBAwQCAgMAAwAAAAACAxIEIgETMgURQhQhMVIjYhUzBkFyJENh/9oADAMBAAIRAxEAPwDzRUD+6Wstt2mBZSOXfkl96DC9py22wJP3vd5o1vib2oK38ydu7ZBayQaspHlu1HtgwUoEoH9OC4O1VgtEO7T8F5mMCs/M7+XqgtPmRvtK7lgxMP6lC/7HaKdYjb7uu2DE/o465H/xI70/R+7HTir8gPxFruKA/wA18XTAi+k7nTdbAb+8U5Ru1D44Pg6ynF9dqGzq03QYn3Xhvji+u09Mdfm/QlEBZahbU8pNTwH1wcmHeZO7kgkfyjzhr17YXIpLfRaVOTXECWwJFlm9yqfd9Vl0KCp9bu9Y6x3CO0IWLFwCabZL21msua+Cym7n2KtuXZ16hOOWGUUa1Eu8ztOWkIAY80JXCvtObr1a4cHyqKqmduv1gQhzwSLDKTzlbcnQd1m2OgsNNhl7L3dGqPok4H8P93SW7piSiwlXdnxhObDvMU9NnuQJRnKmqifj5s24RjisCqjK0UPu/wAJkJXhYQ8vN92JlMEAm7NOpGqI5ypWTFBAfZK/W+Uv14Z027D6JbYe26HiVr+q3Ci25qqGU6bFzN+e2zm5vdiMFtYkFLzRhl8HNEbk+cRO3R4ImTqngcfKWrnNTvMAULVoiuVkkZW8HKWzxMANJVLYQHzxOKVdPODvYLKkslfcmWpJcPF4oC3yO7DgzZZXc6gLWNvIUcLNHMU4q5BYC06IcnC7B+3TctbkFgs5tSR9BeHxQc4NFlOCZzFHTvSIdQqh4SidqnasI/Vr82/erC+GwzSTLulQPwlDeUmbPe5av+DW3k2epbvKUS5ihuylhyzHRptuDwwY4bsHrfhn7a4TE+85xgGlU5sQdxLX8r74m3d67+YRhwbzTKcWNVhXTPUTZULSHyw9OJDUkrZ8fK7Zqx+lQS1KpeYeeGNNVg9TzsnhltGodhH+uEDawRJGcy4VMVku/TDZ1DE2p2oGy6aeaslcYGkk516vAQ/EPvxW7XOaqWK699w7gKAifDuFFks3h1TutHlPrgZFsErF4Iv/AFXPOParEKhhYugpssPTu6T6odJpI22W1qSTW2t1e/HnQPk92y6KppeqAQbuEZy/7m8EElSG63r92JtIagRZPOGfrEq1VHKNAi0qhCNkAbZh4buvaI/RmrfaRbYXN10e8zVtm7wwwzZmjT80FFVZdVmqJ5RCVxikcElMnMmeItnS3Eou0rUlx1ZvMHvROGsd8CdNQylNP2T5IlErcd35D+xEHlsx4LL4ptczMQIV91t+yJkxAEstylqRVHuis3RWaysMbdSzJC/WYOhmqWpRuQK2j4TEv2Y12i4ReNEXKXs1kgVH3oxhIV7U1s23L6uqNaUC44yi5Oedfa1BK7yaYM89nIPgx9gMCgjHBfRR8T/5wENpQYN8dGh/o+aPhDBJ/wAMGXfyRBoXHB/BHXwEvaRCvwGEccJwWp7T0xxfPEO22DBOOL5oCH8EBI4FVDtYMT2+mG6pE82SPk/zRH8OqF4lAF085NRH+AwIPigglYqCYFxDe/w+4MVbMkshwpt26/DFoIhxCfDJd+t0juhhUw0q2aTBRywk+QjeGpcsr7J640IpVXyIylx0Q59Dyk5Ot/8AJpD8I2w+2/oiNUnLlqWpNrLp66aiTS4b7rQHXo3Qa4rSnmaalj/PsLVkhFJlu2oupIB+ePkV06xXRzMlgw2Hbcod0R3Fat6tk1SeqpW/JJmSAKiIhafj1b4JYGZqgqXK4cot085YwTHmIitGGcnlMVe0eyLjkHyIgIOk0Fbvwe8MZ6nE0fzFn8veLr7Lrlbv14l2Ar39+Jow62YK6fAf9KGtiUj7Dqu3kW/K6cpySB6EZXJ2jbypavih1D+CAicCvipUOzFQ4/Gs1by9yldrIxuEthxUbd0tF2Y8tPSvTbFbVpdGOnxgUUKirw6nwRt4LfximRbWLewtVW/GBjt1pGB/DF2JxQOHaqPraWrXiPfgOqNAJjpjOzv9oUagrf0R1v6ID+DxwK39EUyxU/MOQd35NfvwL89nCN9kcPxa+bljlBD8Cfc26dXUUbB6VVOIr1E/7ni080cmYZmdf13aYEKWb4enyQL7OiIRlCS9Cirj8PMWobvDCgr/AA+7CdcVssVj5S02woTM9SId0XVyRCAvo/t+5AfpE/tx1mV7XT5eaBJ6iUsMvFdywBOQIhbb9Zff7kcoean3XtM3ogN3P7WzZrtgsS/rdBgCj+d28+nnjrfe0wSo6REepSzlgsn/ANVm3c9xQFjtg5bRlnp33aocEXCLX5Yrdo9lb1wxkubohR6tsHXmCeTqzAP3Y6tQlYVOJjmuM4efXbbzxzVw2Vu4rUPiLXAnANgb3+hsNxaSthtIPqrvDBE2HwX7ZqNjVsgV/VqhHx7xcU/lKuZ08sJ8hZVRTRaoGorYJT9oIdBQFQh4aukUlL1dKYc1usThwLg10xzbcw/pRhjb+zLWXw3XQqvtUye9Hwjshigiwpaf8VO7n6gKFTGY8Ep3qI5P0oqdHhjkQcpXGlqRt1CI6xhCQOQIjamK9/KoHJEbixF1LC/FxGcsUWDV4kK1mbLXNuhUOZIy6ujxwKj52jJpki2nOakiCthEO4fdiJ03UyzBb1UrpYuFQvEg1IH1jE8rKUG4UTqeWts943/woKWkVw5FQhVfiw0nk2kyKQ8fJjEhMO9Gz2vNeMHKH68lajZVEh4Sy0iC4h8YwhoufIzaXrSFXckAEhq5D6B3xIlpW8at/XbICVbt9D8Wxd6h4remENqGR+WvzlbgmD9YnOg+HV22w/Jv0Vfkzq1BRXavuEg+9Da8lYKlxOrJVC9JcdUMKjpaXKEiqGa1Pf4fuQryO+I/On7mn5hx8rWIk/zZbvL92HQl6SxB+XsH4y+aAl3tqVtx+IYj5PW3B8S1PjGp6DEt4n0n0REZgaILJv5C5VbOLNYjpu8MHU4TKaS2a04oTCaAgqPIqmekvLCMpptNJa79YYJp/EZs6UFhUdwqHYGamN2vxQZNpQj3hsFhVIyu8Huw0ihbpxazTysoVNZ2+OHyk6q9ZCmwf5RrNAMUFNp2Wc0QF1qIjan3gcvNBLF/a4JZvdnH1bIKquoDGjGM09aZLZey0LOf7EI1lfVaikhdXLs1b1WBfVK+aIHTtRrcL7YsxLcJRMFnHGjwbpG5FX2So7xVivSjHGH6n5vMjZqM1ViBNuqF+vaHR5IsClZ4/k2W2VRVVYuD1oDqyD6x8EVLJ36ITBQFdPEWCr0dMWVK1wYNUUVTt3hcXKYaTgZUU6pbEjeovU/rWqu8iPk8MawwdeZ9H8PnXehurYPhC0YwX6xn1MrDNZCHGNTO42hbLOch+74I1h2bcS5PUMpdGyc5qFiRKjzpHt1DCOszs5beJbNQ1vSdMqKNppOASWD0CWQOo7fLEMm2PchbkQSuWuXhchKEKQRF8dkERqZjNUvYumBhmDtKworFQ+76o0IMZXXYweal/wCHmJE3q+pHDGZNmzZH0Nb24paivuHcUWSRxmXCabLS6u5X9S4M0C94SjTB/wAMIni6mFMwOBj88Fj4o4fmhLAq2wYXzxw/PHKeKOT/AOccGHKez9EFj80BdKpINlFjWtTDUZbtMQGZYzUbLiyWvEviusuTC39eDVWbxJT5FiXfogR/wxS80xwfkJeq5Ug232mqdxxFO0bU1SFhtSk+lc9eS/i3GU84ZU0s3T4fLBdLBxF+TWqKbkFxTmey9p+AdqrgRP4YjLHGigJpULOmZXNSfPJgrlpEkl3XVujCUvcLFMEVlbl1j1kS5EX2jixMOZ96hraQzUbPy8EiIg2gWn9qLLYVF9xtTb7Nq2Zp2N2ySGramNsDWP8APQYIwFYIoL5CmZqkXrxLiKPfc1lhBdymJxUaJ5qfdHpi7KhQ4in5k262p2/DFMtQRG4P1otwtRSRbKNb7usvuRNO6734csYO9eSGa/5XLQhtm3sbG92ZeFtoXRK6tpab1XSlLJyqVKqrIoGid2mwduv4YffxZjjeRXyKSziUqdyRaDHbEgwNcZVbpo/XNVQK3w2lEjkuDVSZAoP5q0bI8wj6M0tUSqlcI6epiZjNUnjtV0lfaRFbEnnj5SqnaE7H544vniIzCvGzWYLMEmBEs3vG5QrRhlfVzPnGhrkNurKDX9uM9VJVh7xEpf8AGqn/AEytWYi0RBXPVXU2iEU65TwEo1T++KvvWboNJIIq3fZS+9Drioq5neC1Xeh+sTkmpJKgRFdo0fdKMay9VEVE1vOfKRicaWFBdfIjK1TalN4uUGqoj+JtEr5OaAC5WEQs1e8cXsP3Yw/hq9R9T5O4kjvu6j3Rt1or6F26SvWmJRUzI1RtRqCj0/NHyOjoqDT8wvL4vsQYJ/mbh80BLvRT5Lz1ao4l/ofCfuxrsegUML80tyx1/J7m+CReopfUdJ6YTqTIPqeWAWQBpVFC1luTf4QgLdXu/bDuDdCFR/cI2hBOaf8A+cRpVF9w8KOkR+muglSY37d3VDXmnHXfohavYBpRYUycwnNVZXWXpgkjgN8QX2CgfTdDrLkPwiP4UQK4uYoZhVhczcGkWdqtttglGRScEicIAkmms1RSEg3w1uknmpb03Qcm6Wep+22Bt6YT3LIFfzcuq4SiwPULuW7vNzcuHAW7BfQeaIwn49FUkzcNh8yem2HRiAPB7rvbOrSQxDtjkWD9JNTKWSXTD4iCCXyDPMzck2ylu0hh+TZIjl5UyVSI+Uh3HHKMp8Kd7hslln4g1QaqFYY2Ley4NN3VD0MuZq98ldaG/wAUIU+DbleqZNlLtqmoLIWIusrW172/eJbbPDDaIDYESTyXKJnwy9q14pEMLODZzJPvViSUDdbBzV6feZXs+ZNX9mCSVRS/JzNLwlCiWErqTOUlBPJJUeUh5giysL5pxWXJ5ssRCkBt26pcyR8he/qiCt5yshrVRSVT57uWHZi/Z3ZyR5VhgQjfbC3GKxIKslz+i5wTwdKZq3N3Nltp893hiyifuZvTqNbUkds2S1mgmrcC4c6RdY/fiMt5owrek1JPUBiDxLugU5i6IjNFv5xR75aQksKrVVXXd9EYbIqsGpYktmMtqVFwtTSyUvmQJXuJIXsleskr/wBWIi8cNnrhZhnKtnga7V9i/hGGWqpijK5gM4bsCFFVUzXJAtaB/Wj/AF5YE4qNhUbdNhVaIpOFRuazlAt3RmjyQtVqNYOJ08kbzJVAUFD3pEOkghRMkmEyR4lhaK30qER99MprKG6bCsG3Et1T+SuxsISDzQFFVZLh1mdq6J69OkgCHgiN49ylhB1yH7Qf2odJTULlJFNmusKqaWoCu/WhpfZL23vhzgPUNu6GtG8U1gS2pCcNqL8SdOClU5RUWSWJm6V2kPKf3YY1nC3EZKuULhI7yHlV8Yw0tZo5y/ohUPlEIXNXTObJizVMkluQi3XwVBdiQSmbhxCK32YsRnMljRIButVHRmnrGKZY3tVFGz/SsluGJlK5pp7pbNI0gsLpgGUHYsDjEXQiZH3wWBaPMcWNIZstOURB7cuKoatXPtOKnkLhFV1YeUN4XauuJVTM3Wlr5ZtpIQ1gXjhFQrFoMXE4knFPJcsUzbgGtoQgVwBvt8UPEjmU4plwni7gxNSFRv3r+TOfpw5wtgmX8MQisGUSaustVtsLpKqzYTRq/a5DYQVAcpU7Ulz6C88LFS7qXpOsTpJinRMnqeQ5oqNyyn8tULU1Mw12+GI7eZp5xfCMV/WUteSFQsUaIzSapK2TyW2d6kHOJDzj0FGpsL6ewrqinWNVSFn61QepAqJLlcO3Zb1DFlGopizxU2KxpPj0p1K3jJmuqTd6Bd0JF/XdGtlNd1sJJeylTVP5A2bJJiOkU0hG2F/minLLZinzUDb/ACxwiGZzXeGO/Dq3QEfab9MKFqymdq47UU1lEwfS2TUqkks0XNuajtW7WJ27QipKgxuxRqO5Z5VqjZEP4syDI0e5rgON0t9V4pT5hqFNZ1xA+K/VEDFXze9GzBjoyWLWpsvs8TReo8IU0Zi6XcrN1XDUlFVTVIunUfmilnAGymTptzJLqpFd54sLsfzHiKfqCVEd2U6BW3zjb+xERr5v6uracM9Jd+ZgPn1RWi0lZTgjEs3L0f8AsiTYkNQnPZtTW5pU/C4r/wA7b+ocRmVt3L/uW6K65bLUErotCTUXUk+wfqWj1WBNnj6/g+J03Hp+5Hcl0WoKGL01Tauu6uJEPHzxLGrrKyXjdYbkjBXy2WlFu0/2ManepipVdatWPoP0fhJOXo5p/EemLQp7sq4XST0Jesk5jNlB5ni+kvdARhk+ZE6ew8tyXufQ6Yt3YenSqkJiXVpg1TvIrDFzER/hNL5O3kMhaLou70O/MrErdniiiqixzr+oEVEyqQpeiYbWiWUYn5t8Z8cDSlblDXZgiSfBrKiOaJBu1Fp1RVhOMK5MXDKv3k3WS0GmkJFr9y2KGwMqOYK4tyJy/frvCcKm1InKpqnr8RROZo3WZ1BNmyRl8neqjs3QTR9XNWCiUlM4xeYU+yWUpKjWKCgbFHPMfuRPMJ6ymNb0enPZkCAvOJVSVFEbRGwtP2Iz5PHCJy1YBRLp8sWh2XH+fR80YJHcTSY/YMBiMq0sNmjqXYj80BL2l8CT647+5d4orqIuVHVaXD1pME+ss0ffAYR2alP664UYmK8HWieUjcSqCRF9r7sBRk0+mlvq6VOS8RDaPxHFhvAdGwlniHH4d1ww3Xyk1bb+i+MLy8lszukei/zhHoZKKAmqEvnDaaOUEE5rLnDMhvuITPm6Iz8nQPZWotVRGo61mVWPrrlWjY+6+BK0A+OLmFkLErKdtYhVAv1kE1Ec5BAT1mSittp+XnjdlJuuNpuTuN97JIrvFYMZrk+NmG9OJ5OHOETVmn9Eu5JJA/e0kf2olleYsVP+I9Kz6TPwlnrpJXPyEtN422CJHrDmhWSrZDeNQLbF9qLpJB6TVP0JiHMXLDb+NlM/5zyz/ekoxdNqrnE3UTWnM+ePiMzMM9waoCEM/Gtv8nS/2Udi9M18gbMeO6kxWL6a3ywSSp+KEuZ+CPsVbMarTgyKBwmEoME4FQbhlkcRwXd+iOu/RDCWBR95YLj6RWx1Abgo4v4YDd+iOI4aS4IP4IcmqV6Y+PTDWPzwubn6bbOUdURR0DKSZOU+rUxWdP23lSPVBayshK5FXP1arhLbDSzQ41ayHh5JmzdMu5XEj23DDPIvL/Ub3DAC75qeaj4twwS3XyFL9QFcG2PhpLNS0qlaW3xR8FfPK1xpLqtg1OOTKWzLNT+VI5qZ7c2HAUlki0PCSEOrUERWWvHLPubB1/AQQ/N3SLgU0XVyXT0xbRtToc4E7VOPZiume0kghleMkUCI0llUugYkXfN0U++9r0johCsTNcRvtu8m6BYiqNLWoTBQgf3W+GHYZoiqnk5w5d3tB1QyzCUo/O1WEfCptKGe94wK/wDAQ/qwpmISR04WaktlWriegSSDScdx+anf7JTRdqhnazG6487I8N26BOEs9NPIWLn03xPI7YmkjqVZBwnmubkzK23pPrh0UmwDMlH95EPPFZpv1klu/u0FuiSN5kD9uJ7is1DA0GKTb1yE2YqWWnyGJc0M6MrWlf5LaTfmEtX68RsZjwq2cyW86cSBjUNyKblK3drHksgajbEqpuuWcrb+oZ9IUH0lVDRcNwIHyEPRCd9RHCj64pJ5nszvLNE80x8MMqzpmqSOQZZIavHCqQz5aTOM6RrEI68/oIPEEAynRveTfKWH12wJBblXS5zgxRqjkqLB3omF5RLJs1piskUwkyyDGaBZe2V9kr1+SIeow9UkOasu2cJX2pEdyRe9DVIMpOFmDodytkOhJG9R4xrpddIwKaM2YI8YIGObrtE7tcNrN0DBxeJmXiLlOGMpXYkjdcKgZpuXH5U07oesg8UODNWwk1h+l0GPTEb4g2pcYPUGmH5RUFWqLkNPe8sQGxNJPNEQeI3mNwadkThE+KcC8Z7vZEJAG+KjaujQIXOouXTEyls59WzpPNMiTMwMPhhDKSxclNz43EnsO9LkMdujkh8l8xbPUfVr/ckW3q6bfFFc561z5ykYiiaGvwnDs1mmbL0ZwGlRKy62EnC4qVnjlJNRmrMlUnyQWigIXA+bnvSPrIYsjBGoZxhpU34tsFuMpdx8qa6tQhzh+tGeZXPnL0m8yZLZbhofEJXbS8EWAtUzlWmxnDd4k2eZ5vW5J/RBzgQR21tSjPFY9Bpaqiqj8n1InYqkXgOHIT2xUPZ7rltWGGcvclaThkQIKiJavBFvDoipItTEdaNULLfAh+aArfJ01Fl1hHzFEXnWI1HyO7iJwkRB9XqKBVbAddTNPailZpYnCs3RVLjWYFpG7Xq5YgshwlxOqgk/VdGPBR5F3PdD9uNzS8ZPOW7eoUmCaqio3JKkGoQh2E7NmkYtrlsi0H9iFI9nvCCsMMXkyc1GbHLmCQCKTYzIxMOo4sRxhvSj2eOqhmLAHjpwW1ULgG3wxLEzjisuio0jWsS36hDJgwlyYgwYIoD0pJCMK7tUF3dEcPtPdjn5BswLnjoD/c644vniHClu1Ww9DihWUys7xk/DV4SAoypm2qKWhsjZuPkqcTnC+bNm6BKOErFW4iGaRHd0xmiQ4H4nVB7KlXKCJ7VHdiQfDGhiSoi7DviRfDmb+q64p9ztL1okXuXxfmIyXB1xOGyQF7UHFvVeAwz0v2RqhSdN5jUVWoMVG64OEhYoZp6eW44meMc2wdpOo28xxDRmb2ZOWokLdC61QB06rSGFzusr6jItSppo/BVOy/NLWWQlqITt6QiyOy1JqnkidRIzyTPmbN2Tddqu5'... 73391 more characters
  }
]

3. Testando update para status personalizado 'Teste T├®cnico Adicional'...
Update 3 bem-sucedido: [
  {
    id: 'db9eba2e-0997-4ba8-9ff6-d0206aa025c5',
    created_at: '2026-05-20T11:01:50.00773+00:00',
    job_id: '50fd8136-1832-4c70-888c-271b3a6730e5',
    talent_id: null,
    status: 'Teste T├®cnico Adicional',
    candidate_name: 'PAULO AUGUSTO ALVES DE ALMEIDA',
    candidate_phone: '61991992976 ===DISC===COMPLETED===42,52,54,52',
    city: 'Ceil├óndia',
    state: 'DF',
    profile_pic: 'data:image/jpeg;base64,/9j/4AAQSkZJRgABAQAAAQABAAD/4gHYSUNDX1BST0ZJTEUAAQEAAAHIAAAAAAQwAABtbnRyUkdCIFhZWiAH4AABAAEAAAAAAABhY3NwAAAAAAAAAAAAAAAAAAAAAAAAAAAAAAAAAAAAAQAA9tYAAQAAAADTLQAAAAAAAAAAAAAAAAAAAAAAAAAAAAAAAAAAAAAAAAAAAAAAAAAAAAAAAAAAAAAAAAAAAAlkZXNjAAAA8AAAACRyWFlaAAABFAAAABRnWFlaAAABKAAAABRiWFlaAAABPAAAABR3dHB0AAABUAAAABRyVFJDAAABZAAAAChnVFJDAAABZAAAAChiVFJDAAABZAAAAChjcHJ0AAABjAAAADxtbHVjAAAAAAAAAAEAAAAMZW5VUwAAAAgAAAAcAHMAUgBHAEJYWVogAAAAAAAAb6IAADj1AAADkFhZWiAAAAAAAABimQAAt4UAABjaWFlaIAAAAAAAACSgAAAPhAAAts9YWVogAAAAAAAA9tYAAQAAAADTLXBhcmEAAAAAAAQAAAACZmYAAPKnAAANWQAAE9AAAApbAAAAAAAAAABtbHVjAAAAAAAAAAEAAAAMZW5VUwAAACAAAAAcAEcAbwBvAGcAbABlACAASQBuAGMALgAgADIAMAAxADb/2wBDAAMCAgICAgMCAgIDAwMDBAYEBAQEBAgGBgUGCQgKCgkICQkKDA8MCgsOCwkJDRENDg8QEBEQCgwSExIQEw8QEBD/2wBDAQMDAwQDBAgEBAgQCwkLEBAQEBAQEBAQEBAQEBAQEBAQEBAQEBAQEBAQEBAQEBAQEBAQEBAQEBAQEBAQEBAQEBD/wAARCAIpAikDASIAAhEBAxEB/8QAHgAAAAcBAQEBAAAAAAAAAAAAAgMEBQYHCAAJAQr/xABkEAABAgQEAwQFBgcIDggEBAcCAwQABQYSBxMiMhRCUggjYnIBFTOCkiQxQ1Oi0hEWNGNxssIXJUFEYXPi8AkYISY1NlRWdHWTlJXBN0VVV4Ojs/InZIHDOFFY00ZldpGhpLT/xAAbAQACAwEBAQAAAAAAAAAAAAACAwAEBQEGB//EAC0RAAICAgIBAwQCAgMAAwAAAAACAxIEIgETMgURQhQhMVIjYhUzBkFyJENh/9oADAMBAAIRAxEAPwDzRUD+6Wstt2mBZSOXfkl96DC9py22wJP3vd5o1vib2oK38ydu7ZBayQaspHlu1HtgwUoEoH9OC4O1VgtEO7T8F5mMCs/M7+XqgtPmRvtK7lgxMP6lC/7HaKdYjb7uu2DE/o465H/xI70/R+7HTir8gPxFruKA/wA18XTAi+k7nTdbAb+8U5Ru1D44Pg6ynF9dqGzq03QYn3Xhvji+u09Mdfm/QlEBZahbU8pNTwH1wcmHeZO7kgkfyjzhr17YXIpLfRaVOTXECWwJFlm9yqfd9Vl0KCp9bu9Y6x3CO0IWLFwCabZL21msua+Cym7n2KtuXZ16hOOWGUUa1Eu8ztOWkIAY80JXCvtObr1a4cHyqKqmduv1gQhzwSLDKTzlbcnQd1m2OgsNNhl7L3dGqPok4H8P93SW7piSiwlXdnxhObDvMU9NnuQJRnKmqifj5s24RjisCqjK0UPu/wAJkJXhYQ8vN92JlMEAm7NOpGqI5ypWTFBAfZK/W+Uv14Z027D6JbYe26HiVr+q3Ci25qqGU6bFzN+e2zm5vdiMFtYkFLzRhl8HNEbk+cRO3R4ImTqngcfKWrnNTvMAULVoiuVkkZW8HKWzxMANJVLYQHzxOKVdPODvYLKkslfcmWpJcPF4oC3yO7DgzZZXc6gLWNvIUcLNHMU4q5BYC06IcnC7B+3TctbkFgs5tSR9BeHxQc4NFlOCZzFHTvSIdQqh4SidqnasI/Vr82/erC+GwzSTLulQPwlDeUmbPe5av+DW3k2epbvKUS5ihuylhyzHRptuDwwY4bsHrfhn7a4TE+85xgGlU5sQdxLX8r74m3d67+YRhwbzTKcWNVhXTPUTZULSHyw9OJDUkrZ8fK7Zqx+lQS1KpeYeeGNNVg9TzsnhltGodhH+uEDawRJGcy4VMVku/TDZ1DE2p2oGy6aeaslcYGkk516vAQ/EPvxW7XOaqWK699w7gKAifDuFFks3h1TutHlPrgZFsErF4Iv/AFXPOParEKhhYugpssPTu6T6odJpI22W1qSTW2t1e/HnQPk92y6KppeqAQbuEZy/7m8EElSG63r92JtIagRZPOGfrEq1VHKNAi0qhCNkAbZh4buvaI/RmrfaRbYXN10e8zVtm7wwwzZmjT80FFVZdVmqJ5RCVxikcElMnMmeItnS3Eou0rUlx1ZvMHvROGsd8CdNQylNP2T5IlErcd35D+xEHlsx4LL4ptczMQIV91t+yJkxAEstylqRVHuis3RWaysMbdSzJC/WYOhmqWpRuQK2j4TEv2Y12i4ReNEXKXs1kgVH3oxhIV7U1s23L6uqNaUC44yi5Oedfa1BK7yaYM89nIPgx9gMCgjHBfRR8T/5wENpQYN8dGh/o+aPhDBJ/wAMGXfyRBoXHB/BHXwEvaRCvwGEccJwWp7T0xxfPEO22DBOOL5oCH8EBI4FVDtYMT2+mG6pE82SPk/zRH8OqF4lAF085NRH+AwIPigglYqCYFxDe/w+4MVbMkshwpt26/DFoIhxCfDJd+t0juhhUw0q2aTBRywk+QjeGpcsr7J640IpVXyIylx0Q59Dyk5Ot/8AJpD8I2w+2/oiNUnLlqWpNrLp66aiTS4b7rQHXo3Qa4rSnmaalj/PsLVkhFJlu2oupIB+ePkV06xXRzMlgw2Hbcod0R3Fat6tk1SeqpW/JJmSAKiIhafj1b4JYGZqgqXK4cot085YwTHmIitGGcnlMVe0eyLjkHyIgIOk0Fbvwe8MZ6nE0fzFn8veLr7Lrlbv14l2Ar39+Jow62YK6fAf9KGtiUj7Dqu3kW/K6cpySB6EZXJ2jbypavih1D+CAicCvipUOzFQ4/Gs1by9yldrIxuEthxUbd0tF2Y8tPSvTbFbVpdGOnxgUUKirw6nwRt4LfximRbWLewtVW/GBjt1pGB/DF2JxQOHaqPraWrXiPfgOqNAJjpjOzv9oUagrf0R1v6ID+DxwK39EUyxU/MOQd35NfvwL89nCN9kcPxa+bljlBD8Cfc26dXUUbB6VVOIr1E/7ni080cmYZmdf13aYEKWb4enyQL7OiIRlCS9Cirj8PMWobvDCgr/AA+7CdcVssVj5S02woTM9SId0XVyRCAvo/t+5AfpE/tx1mV7XT5eaBJ6iUsMvFdywBOQIhbb9Zff7kcoean3XtM3ogN3P7WzZrtgsS/rdBgCj+d28+nnjrfe0wSo6REepSzlgsn/ANVm3c9xQFjtg5bRlnp33aocEXCLX5Yrdo9lb1wxkubohR6tsHXmCeTqzAP3Y6tQlYVOJjmuM4efXbbzxzVw2Vu4rUPiLXAnANgb3+hsNxaSthtIPqrvDBE2HwX7ZqNjVsgV/VqhHx7xcU/lKuZ08sJ8hZVRTRaoGorYJT9oIdBQFQh4aukUlL1dKYc1usThwLg10xzbcw/pRhjb+zLWXw3XQqvtUye9Hwjshigiwpaf8VO7n6gKFTGY8Ep3qI5P0oqdHhjkQcpXGlqRt1CI6xhCQOQIjamK9/KoHJEbixF1LC/FxGcsUWDV4kK1mbLXNuhUOZIy6ujxwKj52jJpki2nOakiCthEO4fdiJ03UyzBb1UrpYuFQvEg1IH1jE8rKUG4UTqeWts943/woKWkVw5FQhVfiw0nk2kyKQ8fJjEhMO9Gz2vNeMHKH68lajZVEh4Sy0iC4h8YwhoufIzaXrSFXckAEhq5D6B3xIlpW8at/XbICVbt9D8Wxd6h4remENqGR+WvzlbgmD9YnOg+HV22w/Jv0Vfkzq1BRXavuEg+9Da8lYKlxOrJVC9JcdUMKjpaXKEiqGa1Pf4fuQryO+I/On7mn5hx8rWIk/zZbvL92HQl6SxB+XsH4y+aAl3tqVtx+IYj5PW3B8S1PjGp6DEt4n0n0REZgaILJv5C5VbOLNYjpu8MHU4TKaS2a04oTCaAgqPIqmekvLCMpptNJa79YYJp/EZs6UFhUdwqHYGamN2vxQZNpQj3hsFhVIyu8Huw0ihbpxazTysoVNZ2+OHyk6q9ZCmwf5RrNAMUFNp2Wc0QF1qIjan3gcvNBLF/a4JZvdnH1bIKquoDGjGM09aZLZey0LOf7EI1lfVaikhdXLs1b1WBfVK+aIHTtRrcL7YsxLcJRMFnHGjwbpG5FX2So7xVivSjHGH6n5vMjZqM1ViBNuqF+vaHR5IsClZ4/k2W2VRVVYuD1oDqyD6x8EVLJ36ITBQFdPEWCr0dMWVK1wYNUUVTt3hcXKYaTgZUU6pbEjeovU/rWqu8iPk8MawwdeZ9H8PnXehurYPhC0YwX6xn1MrDNZCHGNTO42hbLOch+74I1h2bcS5PUMpdGyc5qFiRKjzpHt1DCOszs5beJbNQ1vSdMqKNppOASWD0CWQOo7fLEMm2PchbkQSuWuXhchKEKQRF8dkERqZjNUvYumBhmDtKworFQ+76o0IMZXXYweal/wCHmJE3q+pHDGZNmzZH0Nb24paivuHcUWSRxmXCabLS6u5X9S4M0C94SjTB/wAMIni6mFMwOBj88Fj4o4fmhLAq2wYXzxw/PHKeKOT/AOccGHKez9EFj80BdKpINlFjWtTDUZbtMQGZYzUbLiyWvEviusuTC39eDVWbxJT5FiXfogR/wxS80xwfkJeq5Ug232mqdxxFO0bU1SFhtSk+lc9eS/i3GU84ZU0s3T4fLBdLBxF+TWqKbkFxTmey9p+AdqrgRP4YjLHGigJpULOmZXNSfPJgrlpEkl3XVujCUvcLFMEVlbl1j1kS5EX2jixMOZ96hraQzUbPy8EiIg2gWn9qLLYVF9xtTb7Nq2Zp2N2ySGramNsDWP8APQYIwFYIoL5CmZqkXrxLiKPfc1lhBdymJxUaJ5qfdHpi7KhQ4in5k262p2/DFMtQRG4P1otwtRSRbKNb7usvuRNO6734csYO9eSGa/5XLQhtm3sbG92ZeFtoXRK6tpab1XSlLJyqVKqrIoGid2mwduv4YffxZjjeRXyKSziUqdyRaDHbEgwNcZVbpo/XNVQK3w2lEjkuDVSZAoP5q0bI8wj6M0tUSqlcI6epiZjNUnjtV0lfaRFbEnnj5SqnaE7H544vniIzCvGzWYLMEmBEs3vG5QrRhlfVzPnGhrkNurKDX9uM9VJVh7xEpf8AGqn/AEytWYi0RBXPVXU2iEU65TwEo1T++KvvWboNJIIq3fZS+9Drioq5neC1Xeh+sTkmpJKgRFdo0fdKMay9VEVE1vOfKRicaWFBdfIjK1TalN4uUGqoj+JtEr5OaAC5WEQs1e8cXsP3Yw/hq9R9T5O4kjvu6j3Rt1or6F26SvWmJRUzI1RtRqCj0/NHyOjoqDT8wvL4vsQYJ/mbh80BLvRT5Lz1ao4l/ofCfuxrsegUML80tyx1/J7m+CReopfUdJ6YTqTIPqeWAWQBpVFC1luTf4QgLdXu/bDuDdCFR/cI2hBOaf8A+cRpVF9w8KOkR+muglSY37d3VDXmnHXfohavYBpRYUycwnNVZXWXpgkjgN8QX2CgfTdDrLkPwiP4UQK4uYoZhVhczcGkWdqtttglGRScEicIAkmms1RSEg3w1uknmpb03Qcm6Wep+22Bt6YT3LIFfzcuq4SiwPULuW7vNzcuHAW7BfQeaIwn49FUkzcNh8yem2HRiAPB7rvbOrSQxDtjkWD9JNTKWSXTD4iCCXyDPMzck2ylu0hh+TZIjl5UyVSI+Uh3HHKMp8Kd7hslln4g1QaqFYY2Ley4NN3VD0MuZq98ldaG/wAUIU+DbleqZNlLtqmoLIWIusrW172/eJbbPDDaIDYESTyXKJnwy9q14pEMLODZzJPvViSUDdbBzV6feZXs+ZNX9mCSVRS/JzNLwlCiWErqTOUlBPJJUeUh5giysL5pxWXJ5ssRCkBt26pcyR8he/qiCt5yshrVRSVT57uWHZi/Z3ZyR5VhgQjfbC3GKxIKslz+i5wTwdKZq3N3Nltp893hiyifuZvTqNbUkds2S1mgmrcC4c6RdY/fiMt5owrek1JPUBiDxLugU5i6IjNFv5xR75aQksKrVVXXd9EYbIqsGpYktmMtqVFwtTSyUvmQJXuJIXsleskr/wBWIi8cNnrhZhnKtnga7V9i/hGGWqpijK5gM4bsCFFVUzXJAtaB/Wj/AF5YE4qNhUbdNhVaIpOFRuazlAt3RmjyQtVqNYOJ08kbzJVAUFD3pEOkghRMkmEyR4lhaK30qER99MprKG6bCsG3Et1T+SuxsISDzQFFVZLh1mdq6J69OkgCHgiN49ylhB1yH7Qf2odJTULlJFNmusKqaWoCu/WhpfZL23vhzgPUNu6GtG8U1gS2pCcNqL8SdOClU5RUWSWJm6V2kPKf3YY1nC3EZKuULhI7yHlV8Yw0tZo5y/ohUPlEIXNXTObJizVMkluQi3XwVBdiQSmbhxCK32YsRnMljRIButVHRmnrGKZY3tVFGz/SsluGJlK5pp7pbNI0gsLpgGUHYsDjEXQiZH3wWBaPMcWNIZstOURB7cuKoatXPtOKnkLhFV1YeUN4XauuJVTM3Wlr5ZtpIQ1gXjhFQrFoMXE4knFPJcsUzbgGtoQgVwBvt8UPEjmU4plwni7gxNSFRv3r+TOfpw5wtgmX8MQisGUSaustVtsLpKqzYTRq/a5DYQVAcpU7Ulz6C88LFS7qXpOsTpJinRMnqeQ5oqNyyn8tULU1Mw12+GI7eZp5xfCMV/WUteSFQsUaIzSapK2TyW2d6kHOJDzj0FGpsL6ewrqinWNVSFn61QepAqJLlcO3Zb1DFlGopizxU2KxpPj0p1K3jJmuqTd6Bd0JF/XdGtlNd1sJJeylTVP5A2bJJiOkU0hG2F/minLLZinzUDb/ACxwiGZzXeGO/Dq3QEfab9MKFqymdq47UU1lEwfS2TUqkks0XNuajtW7WJ27QipKgxuxRqO5Z5VqjZEP4syDI0e5rgON0t9V4pT5hqFNZ1xA+K/VEDFXze9GzBjoyWLWpsvs8TReo8IU0Zi6XcrN1XDUlFVTVIunUfmilnAGymTptzJLqpFd54sLsfzHiKfqCVEd2U6BW3zjb+xERr5v6uracM9Jd+ZgPn1RWi0lZTgjEs3L0f8AsiTYkNQnPZtTW5pU/C4r/wA7b+ocRmVt3L/uW6K65bLUErotCTUXUk+wfqWj1WBNnj6/g+J03Hp+5Hcl0WoKGL01Tauu6uJEPHzxLGrrKyXjdYbkjBXy2WlFu0/2ManepipVdatWPoP0fhJOXo5p/EemLQp7sq4XST0Jesk5jNlB5ni+kvdARhk+ZE6ew8tyXufQ6Yt3YenSqkJiXVpg1TvIrDFzER/hNL5O3kMhaLou70O/MrErdniiiqixzr+oEVEyqQpeiYbWiWUYn5t8Z8cDSlblDXZgiSfBrKiOaJBu1Fp1RVhOMK5MXDKv3k3WS0GmkJFr9y2KGwMqOYK4tyJy/frvCcKm1InKpqnr8RROZo3WZ1BNmyRl8neqjs3QTR9XNWCiUlM4xeYU+yWUpKjWKCgbFHPMfuRPMJ6ymNb0enPZkCAvOJVSVFEbRGwtP2Iz5PHCJy1YBRLp8sWh2XH+fR80YJHcTSY/YMBiMq0sNmjqXYj80BL2l8CT647+5d4orqIuVHVaXD1pME+ss0ffAYR2alP664UYmK8HWieUjcSqCRF9r7sBRk0+mlvq6VOS8RDaPxHFhvAdGwlniHH4d1ww3Xyk1bb+i+MLy8lszukei/zhHoZKKAmqEvnDaaOUEE5rLnDMhvuITPm6Iz8nQPZWotVRGo61mVWPrrlWjY+6+BK0A+OLmFkLErKdtYhVAv1kE1Ec5BAT1mSittp+XnjdlJuuNpuTuN97JIrvFYMZrk+NmG9OJ5OHOETVmn9Eu5JJA/e0kf2olleYsVP+I9Kz6TPwlnrpJXPyEtN422CJHrDmhWSrZDeNQLbF9qLpJB6TVP0JiHMXLDb+NlM/5zyz/ekoxdNqrnE3UTWnM+ePiMzMM9waoCEM/Gtv8nS/2Udi9M18gbMeO6kxWL6a3ywSSp+KEuZ+CPsVbMarTgyKBwmEoME4FQbhlkcRwXd+iOu/RDCWBR95YLj6RWx1Abgo4v4YDd+iOI4aS4IP4IcmqV6Y+PTDWPzwubn6bbOUdURR0DKSZOU+rUxWdP23lSPVBayshK5FXP1arhLbDSzQ41ayHh5JmzdMu5XEj23DDPIvL/Ub3DAC75qeaj4twwS3XyFL9QFcG2PhpLNS0qlaW3xR8FfPK1xpLqtg1OOTKWzLNT+VI5qZ7c2HAUlki0PCSEOrUERWWvHLPubB1/AQQ/N3SLgU0XVyXT0xbRtToc4E7VOPZiume0kghleMkUCI0llUugYkXfN0U++9r0johCsTNcRvtu8m6BYiqNLWoTBQgf3W+GHYZoiqnk5w5d3tB1QyzCUo/O1WEfCptKGe94wK/wDAQ/qwpmISR04WaktlWriegSSDScdx+anf7JTRdqhnazG6487I8N26BOEs9NPIWLn03xPI7YmkjqVZBwnmubkzK23pPrh0UmwDMlH95EPPFZpv1klu/u0FuiSN5kD9uJ7is1DA0GKTb1yE2YqWWnyGJc0M6MrWlf5LaTfmEtX68RsZjwq2cyW86cSBjUNyKblK3drHksgajbEqpuuWcrb+oZ9IUH0lVDRcNwIHyEPRCd9RHCj64pJ5nszvLNE80x8MMqzpmqSOQZZIavHCqQz5aTOM6RrEI68/oIPEEAynRveTfKWH12wJBblXS5zgxRqjkqLB3omF5RLJs1piskUwkyyDGaBZe2V9kr1+SIeow9UkOasu2cJX2pEdyRe9DVIMpOFmDodytkOhJG9R4xrpddIwKaM2YI8YIGObrtE7tcNrN0DBxeJmXiLlOGMpXYkjdcKgZpuXH5U07oesg8UODNWwk1h+l0GPTEb4g2pcYPUGmH5RUFWqLkNPe8sQGxNJPNEQeI3mNwadkThE+KcC8Z7vZEJAG+KjaujQIXOouXTEyls59WzpPNMiTMwMPhhDKSxclNz43EnsO9LkMdujkh8l8xbPUfVr/ckW3q6bfFFc561z5ykYiiaGvwnDs1mmbL0ZwGlRKy62EnC4qVnjlJNRmrMlUnyQWigIXA+bnvSPrIYsjBGoZxhpU34tsFuMpdx8qa6tQhzh+tGeZXPnL0m8yZLZbhofEJXbS8EWAtUzlWmxnDd4k2eZ5vW5J/RBzgQR21tSjPFY9Bpaqiqj8n1InYqkXgOHIT2xUPZ7rltWGGcvclaThkQIKiJavBFvDoipItTEdaNULLfAh+aArfJ01Fl1hHzFEXnWI1HyO7iJwkRB9XqKBVbAddTNPailZpYnCs3RVLjWYFpG7Xq5YgshwlxOqgk/VdGPBR5F3PdD9uNzS8ZPOW7eoUmCaqio3JKkGoQh2E7NmkYtrlsi0H9iFI9nvCCsMMXkyc1GbHLmCQCKTYzIxMOo4sRxhvSj2eOqhmLAHjpwW1ULgG3wxLEzjisuio0jWsS36hDJgwlyYgwYIoD0pJCMK7tUF3dEcPtPdjn5BswLnjoD/c644vniHClu1Ww9DihWUys7xk/DV4SAoypm2qKWhsjZuPkqcTnC+bNm6BKOErFW4iGaRHd0xmiQ4H4nVB7KlXKCJ7VHdiQfDGhiSoi7DviRfDmb+q64p9ztL1okXuXxfmIyXB1xOGyQF7UHFvVeAwz0v2RqhSdN5jUVWoMVG64OEhYoZp6eW44meMc2wdpOo28xxDRmb2ZOWokLdC61QB06rSGFzusr6jItSppo/BVOy/NLWWQlqITt6QiyOy1JqnkidRIzyTPmbN2Tddqu5'... 73391 more characters
  }
]
